README_RC.md: OK
docs/ARCHITECTURE_RESEARCH_INPUT.md: OK
docs/CYCLE_PLAN.md: OK
docs/CYCLE_RESEARCH.md: OK
docs/DECISION_LOG.md: OK
docs/EVIDENCE.md: OK
docs/FINAL_CYCLE_REPORT.md: OK
docs/GENERAL_REVIEW.md: OK
docs/NEXT_CYCLE_BRIEF.md: OK
docs/OWNER_ACCEPTANCE_CHECKLIST.md: OK
docs/PRODUCT_GOAL.md: OK
docs/RC3_REALTIME_EDITOR_DEFECT.md: OK
docs/RC4_FIREBASE_EDITOR_PUBLISH_DEFECT.md: OK
docs/RC5_TRANSPORT_DECISION_ADDENDUM.md: OK
docs/RC6_FIREBASE_RULES_DEFECT.md: OK
docs/RELEASE_NOTES.md: OK
docs/TTSCORE_TEAM_CHANGELOG.md: OK
docs/TTSCORE_TEAM_README_v0.9.0.md: OK
docs/VERSIONS.md: OK
evidence/baselines/ttScore_0.3.5_baseline.html: OK
evidence/browser-autonomous-result.json: OK
evidence/browser-e2e-result.json: OK
evidence/harness/browser-autonomous-fixture.html: OK
evidence/harness/browser-e2e-fixture.html: OK
evidence/harness/realtime-editor/states.json: OK
evidence/harness/run_autonomous_smoke_playwright.py: OK
evidence/harness/run_browser_e2e.py: OK
evidence/harness/run_team_editor_realtime_playwright.py: OK
evidence/harness/run_team_editor_revision_guard_playwright.py: OK
evidence/logs/browser_autonomous_smoke.log: OK
evidence/logs/browser_team_e2e.log: OK
evidence/logs/browser_team_editor_realtime.log: OK
evidence/logs/browser_team_editor_revision_guard.log: OK
evidence/logs/paired_url_resolution.log: OK
evidence/logs/runtime_diff_rc4_rc5.log: OK
evidence/logs/runtime_diff_rc5_rc6.log: OK
evidence/logs/syntax_checks.log: OK
evidence/logs/team_editor_realtime.log: OK
evidence/logs/ttscore_inline_runtime.js: OK
evidence/logs/ttscore_team_tests.log: OK
evidence/logs/ttscore_tests.log: OK
evidence/team-editor-realtime-result.json: OK
evidence/team-editor-revision-guard-result.json: OK
firebase-database-rules.json: OK
team/assets/0.9.0/app.mjs: OK
team/assets/0.9.0/archive-source.mjs: OK
team/assets/0.9.0/creator.mjs: OK
team/assets/0.9.0/editor.mjs: OK
team/assets/0.9.0/file-save.mjs: OK
team/assets/0.9.0/firebase-source.mjs: OK
team/assets/0.9.0/matches-source.mjs: OK
team/assets/0.9.0/model.mjs: OK
team/assets/0.9.0/styles.css: OK
team/assets/0.9.0/team-integration-contract.mjs: OK
team/assets/0.9.0/ttscore-integration.mjs: OK
team/assets/0.9.0/ttscore-team-adapter.mjs: OK
team/assets/0.9.0/ui-state.mjs: OK
team/ttscore_team_0.9.0.html: OK
tests/ttscore/ttscore-0.4.0.test.mjs: OK
tests/ttscore_team/archive-source.test.mjs: OK
tests/ttscore_team/automation-workflow.test.mjs: OK
tests/ttscore_team/creator.test.mjs: OK
tests/ttscore_team/editor.test.mjs: OK
tests/ttscore_team/file-save.test.mjs: OK
tests/ttscore_team/firebase-rules.test.mjs: OK
tests/ttscore_team/firebase-source.test.mjs: OK
tests/ttscore_team/matches-source.test.mjs: OK
tests/ttscore_team/model.test.mjs: OK
tests/ttscore_team/static-structure.test.mjs: OK
tests/ttscore_team/team-integration-contract.test.mjs: OK
tests/ttscore_team/ttscore-integration.test.mjs: OK
tests/ttscore_team/ui-state.test.mjs: OK
ttScore_0.4.0.html: OK
